[0m13:08:07.899458 [debug] [MainThread]: Sending event: {'category': 'dbt', 'action': 'invocation', 'label': 'start', 'context': [<snowplow_tracker.self_describing_json.SelfDescribingJson object at 0x000001AE57BE1160>, <snowplow_tracker.self_describing_json.SelfDescribingJson object at 0x000001AE59F3BD90>, <snowplow_tracker.self_describing_json.SelfDescribingJson object at 0x000001AE59F3B9D0>]}


============================== 13:08:07.945147 | 468e94dd-f090-4887-a59f-ec6a04d2e3a8 ==============================
[0m13:08:07.945147 [info ] [MainThread]: Running with dbt=1.12.0
[0m13:08:07.945775 [debug] [MainThread]: running dbt with arguments {'maximum_seed_size_mib': '1', 'no_print': 'None', 'static_parser': 'True', 'target_path': 'None', 'version_check': 'True', 'warn_error_options': 'WarnErrorOptionsV2(error=[], warn=[], silence=[])', 'printer_width': '80', 'write_json': 'True', 'empty': 'None', 'log_cache_events': 'False', 'introspect': 'True', 'cache_selected_only': 'False', 'fail_fast': 'False', 'debug': 'False', 'log_format': 'default', 'profiles_dir': 'C:\\Users\\yahia\\.dbt', 'send_anonymous_usage_stats': 'True', 'quiet': 'False', 'warn_error': 'None', 'partial_parse': 'True', 'use_colors': 'True', 'hints_enabled': 'True', 'indirect_selection': 'eager', 'use_experimental_parser': 'False', 'invocation_command': 'dbt init data_vault_dbt', 'log_path': 'logs'}
[0m13:08:08.157038 [info ] [MainThread]: Creating dbt configuration folder at C:\Users\yahia\.dbt
[0m13:08:08.173806 [debug] [MainThread]: Starter project path: D:\projects\SCB\data-vault-intern-task\dbt\dbt-env\Lib\site-packages\dbt\include\starter_project
[0m13:08:08.208371 [info ] [MainThread]: Setting up your profile.
[0m13:09:50.795181 [info ] [MainThread]: Profile data_vault_dbt written to C:\Users\yahia\.dbt\profiles.yml using target's profile_template.yml and your supplied values.
[0m13:09:50.860250 [info ] [MainThread]: Running dbt debug to validate the project...
[0m13:09:50.861886 [info ] [MainThread]: dbt version: 1.12.0
[0m13:09:50.862571 [info ] [MainThread]: python version: 3.13.14
[0m13:09:50.863331 [info ] [MainThread]: python path: D:\projects\SCB\data-vault-intern-task\dbt\dbt-env\Scripts\python.exe
[0m13:09:50.864085 [info ] [MainThread]: os info: Windows-11-10.0.26200-SP0
[0m13:09:50.952763 [info ] [MainThread]: Using profiles dir at C:\Users\yahia\.dbt
[0m13:09:50.953487 [info ] [MainThread]: Using profiles.yml file at C:\Users\yahia\.dbt\profiles.yml
[0m13:09:50.954107 [info ] [MainThread]: Using dbt_project.yml file at D:\projects\SCB\data-vault-intern-task\dbt\data_vault_dbt\dbt_project.yml
[0m13:09:50.975085 [info ] [MainThread]: adapter type: postgres
[0m13:09:50.975971 [info ] [MainThread]: adapter version: 1.11.0
[0m13:09:51.097944 [info ] [MainThread]: Configuration:
[0m13:09:51.098546 [info ] [MainThread]:   profiles.yml file [[32mOK found and valid[0m]
[0m13:09:51.099234 [info ] [MainThread]:   dbt_project.yml file [[32mOK found and valid[0m]
[0m13:09:51.099697 [info ] [MainThread]: Required dependencies:
[0m13:09:51.100169 [debug] [MainThread]: Executing "git --help"
[0m13:09:51.185533 [debug] [MainThread]: STDOUT: "b"usage: git [-v | --version] [-h | --help] [-C <path>] [-c <name>=<value>]\n           [--exec-path[=<path>]] [--html-path] [--man-path] [--info-path]\n           [-p | --paginate | -P | --no-pager] [--no-replace-objects] [--bare]\n           [--git-dir=<path>] [--work-tree=<path>] [--namespace=<name>]\n           [--config-env=<name>=<envvar>] <command> [<args>]\n\nThese are common Git commands used in various situations:\n\nstart a working area (see also: git help tutorial)\n   clone     Clone a repository into a new directory\n   init      Create an empty Git repository or reinitialize an existing one\n\nwork on the current change (see also: git help everyday)\n   add       Add file contents to the index\n   mv        Move or rename a file, a directory, or a symlink\n   restore   Restore working tree files\n   rm        Remove files from the working tree and from the index\n\nexamine the history and state (see also: git help revisions)\n   bisect    Use binary search to find the commit that introduced a bug\n   diff      Show changes between commits, commit and working tree, etc\n   grep      Print lines matching a pattern\n   log       Show commit logs\n   show      Show various types of objects\n   status    Show the working tree status\n\ngrow, mark and tweak your common history\n   branch    List, create, or delete branches\n   commit    Record changes to the repository\n   merge     Join two or more development histories together\n   rebase    Reapply commits on top of another base tip\n   reset     Reset current HEAD to the specified state\n   switch    Switch branches\n   tag       Create, list, delete or verify a tag object signed with GPG\n\ncollaborate (see also: git help workflows)\n   fetch     Download objects and refs from another repository\n   pull      Fetch from and integrate with another repository or a local branch\n   push      Update remote refs along with associated objects\n\n'git help -a' and 'git help -g' list available subcommands and some\nconcept guides. See 'git help <command>' or 'git help <concept>'\nto read about a specific subcommand or concept.\nSee 'git help git' for an overview of the system.\n""
[0m13:09:51.186239 [debug] [MainThread]: STDERR: "b''"
[0m13:09:51.186735 [info ] [MainThread]:  - git [[32mOK found[0m]

[0m13:09:51.187300 [info ] [MainThread]: Connection:
[0m13:09:51.187782 [info ] [MainThread]:   host: localhost
[0m13:09:51.188246 [info ] [MainThread]:   port: 5432
[0m13:09:51.188656 [info ] [MainThread]:   user: postgres
[0m13:09:51.189031 [info ] [MainThread]:   database: mydb
[0m13:09:51.189400 [info ] [MainThread]:   schema: data_vault
[0m13:09:51.189802 [info ] [MainThread]:   connect_timeout: 10
[0m13:09:51.190177 [info ] [MainThread]:   role: None
[0m13:09:51.190579 [info ] [MainThread]:   search_path: None
[0m13:09:51.191034 [info ] [MainThread]:   keepalives_idle: 0
[0m13:09:51.191439 [info ] [MainThread]:   sslmode: None
[0m13:09:51.191801 [info ] [MainThread]:   sslcert: None
[0m13:09:51.192171 [info ] [MainThread]:   sslkey: None
[0m13:09:51.192539 [info ] [MainThread]:   sslrootcert: None
[0m13:09:51.192994 [info ] [MainThread]:   application_name: dbt
[0m13:09:51.193481 [info ] [MainThread]:   autocommit: False
[0m13:09:51.193819 [info ] [MainThread]:   retries: 1
[0m13:09:51.194529 [info ] [MainThread]: Registered adapter: postgres=1.11.0
[0m13:09:51.563528 [debug] [MainThread]: Acquiring new postgres connection 'debug'
[0m13:09:59.457650 [debug] [MainThread]: Using postgres connection "debug"
[0m13:09:59.458760 [debug] [MainThread]: On debug: select 1 as id
[0m13:09:59.459776 [debug] [MainThread]: Opening a new connection, currently in state init
[0m13:09:59.548616 [debug] [MainThread]: SQL status: SELECT 1 in 0.089 seconds
[0m13:09:59.551200 [debug] [MainThread]: On debug: Close
[0m13:09:59.552374 [info ] [MainThread]:   Connection test: [[32mOK connection ok[0m]

[0m13:09:59.553730 [info ] [MainThread]: [32mAll checks passed![0m
[0m13:09:59.554911 [info ] [MainThread]: Your new dbt project "data_vault_dbt" was created!
Initialized new project in D:\projects\SCB\data-vault-intern-task\dbt\data_vault_dbt\data_vault_dbt

For more information on how to configure the profiles.yml file,
please consult the dbt documentation here:

  https://docs.getdbt.com/docs/configure-your-profile

One more thing:

Need help? Don't hesitate to reach out to us via GitHub issues or on Slack:

  https://community.getdbt.com/

Happy modeling!

[0m13:09:59.559018 [debug] [MainThread]: Command `dbt init` succeeded at 13:09:59.558549 after 112.00 seconds
[0m13:09:59.560038 [debug] [MainThread]: Connection 'debug' was properly closed.
[0m13:09:59.561021 [debug] [MainThread]: Sending event: {'category': 'dbt', 'action': 'invocation', 'label': 'end', 'context': [<snowplow_tracker.self_describing_json.SelfDescribingJson object at 0x000001AE5B501220>, <snowplow_tracker.self_describing_json.SelfDescribingJson object at 0x000001AE59F8D010>, <snowplow_tracker.self_describing_json.SelfDescribingJson object at 0x000001AE5B133CE0>]}
[0m13:09:59.562265 [debug] [MainThread]: Flushing usage events
[0m13:10:01.151285 [debug] [MainThread]: An error was encountered while trying to flush usage events
[0m13:57:08.567234 [debug] [MainThread]: Sending event: {'category': 'dbt', 'action': 'invocation', 'label': 'start', 'context': [<snowplow_tracker.self_describing_json.SelfDescribingJson object at 0x000001AE7D7E5160>, <snowplow_tracker.self_describing_json.SelfDescribingJson object at 0x000001AE7FB8BD90>, <snowplow_tracker.self_describing_json.SelfDescribingJson object at 0x000001AE7FB8B610>]}


============================== 13:57:08.576361 | b2864f7f-9571-40f5-90d8-aa377453bb5c ==============================
[0m13:57:08.576361 [info ] [MainThread]: Running with dbt=1.12.0
[0m13:57:08.577664 [debug] [MainThread]: running dbt with arguments {'static_parser': 'True', 'no_print': 'None', 'maximum_seed_size_mib': '1', 'warn_error_options': 'WarnErrorOptionsV2(error=[], warn=[], silence=[])', 'target_path': 'None', 'version_check': 'True', 'printer_width': '80', 'write_json': 'True', 'introspect': 'True', 'log_cache_events': 'False', 'empty': 'False', 'cache_selected_only': 'False', 'log_format': 'default', 'debug': 'False', 'fail_fast': 'False', 'partial_parse': 'True', 'send_anonymous_usage_stats': 'True', 'quiet': 'False', 'warn_error': 'None', 'profiles_dir': 'C:\\Users\\yahia\\.dbt', 'use_colors': 'True', 'hints_enabled': 'True', 'invocation_command': 'dbt build', 'use_experimental_parser': 'False', 'indirect_selection': 'eager', 'log_path': 'logs'}
[0m13:57:08.578644 [error] [MainThread]: [[31mERROR[0m]: Encountered an error:
Runtime Error
  No dbt_project.yml found at expected path D:\projects\SCB\data-vault-intern-task\dbt\dbt_project.yml
  Verify that each entry within packages.yml (and their transitive dependencies) contains a file named dbt_project.yml
  
[0m13:57:08.580389 [debug] [MainThread]: Command `dbt build` failed at 13:57:08.580150 after 0.31 seconds
[0m13:57:08.580988 [debug] [MainThread]: Sending event: {'category': 'dbt', 'action': 'invocation', 'label': 'end', 'context': [<snowplow_tracker.self_describing_json.SelfDescribingJson object at 0x000001AE7FB83CE0>, <snowplow_tracker.self_describing_json.SelfDescribingJson object at 0x000001AE7FBD5010>, <snowplow_tracker.self_describing_json.SelfDescribingJson object at 0x000001AE7FBEC9E0>]}
[0m13:57:08.581544 [debug] [MainThread]: Flushing usage events
[0m13:57:12.081848 [debug] [MainThread]: An error was encountered while trying to flush usage events
